// Jest Snapshot v1, https://goo.gl/fbAQLP

exports[`renders correctly 1`] = `
<a
  className="sector undefined"
  href="/sectors/Basic%20Materials"
  onClick={[Function]}
>
  <div
    className="iconContainer"
  >
    <svg
      aria-hidden="true"
      className="svg-inline--fa fa-gem "
      data-icon="gem"
      data-prefix="fas"
      focusable="false"
      role="img"
      style={Object {}}
      viewBox="0 0 512 512"
      xmlns="http://www.w3.org/2000/svg"
    >
      <path
        d="M116.7 33.8c4.5-6.1 11.7-9.8 19.3-9.8H376c7.6 0 14.8 3.6 19.3 9.8l112 152c6.8 9.2 6.1 21.9-1.5 30.4l-232 256c-4.6 5-11 7.9-17.8 7.9s-13.2-2.9-17.8-7.9l-232-256c-7.7-8.5-8.3-21.2-1.5-30.4l112-152zm38.5 39.8c-3.3 2.5-4.2 7-2.1 10.5l57.4 95.6L63.3 192c-4.1 .3-7.3 3.8-7.3 8s3.2 7.6 7.3 8l192 16c.4 0 .9 0 1.3 0l192-16c4.1-.3 7.3-3.8 7.3-8s-3.2-7.6-7.3-8L301.5 179.8l57.4-95.6c2.1-3.5 1.2-8.1-2.1-10.5s-7.9-2-10.7 1L256 172.2 165.9 74.6c-2.8-3-7.4-3.4-10.7-1z"
        fill="currentColor"
        style={Object {}}
      />
    </svg>
    <svg
      aria-hidden="true"
      className="svg-inline--fa fa-arrow-right "
      data-icon="arrow-right"
      data-prefix="fas"
      focusable="false"
      role="img"
      style={Object {}}
      viewBox="0 0 448 512"
      xmlns="http://www.w3.org/2000/svg"
    >
      <path
        d="M438.6 278.6c12.5-12.5 12.5-32.8 0-45.3l-160-160c-12.5-12.5-32.8-12.5-45.3 0s-12.5 32.8 0 45.3L338.8 224 32 224c-17.7 0-32 14.3-32 32s14.3 32 32 32l306.7 0L233.4 393.4c-12.5 12.5-12.5 32.8 0 45.3s32.8 12.5 45.3 0l160-160z"
        fill="currentColor"
        style={Object {}}
      />
    </svg>
  </div>
  <div
    className="infoContainer"
  >
    <h3>
      Basic Materials
    </h3>
    <span>
      0.75157%
    </span>
  </div>
</a>
`;
